node.exe : 
D:\Harry\OneDrive\Desktop\private\universe-chose-you\node_modules\@prisma\client\src\runtime\getPrismaClient.ts:260
At C:\Program Files\nodejs\npx.ps1:29 char:3
+   & $NODE_EXE $NPX_CLI_JS $args
+   ~~~~~~~~~~~~~~~~~~~~~~~~~~~~~
    + CategoryInfo          : NotSpecified: (D:\Harry\OneDri...maClient.ts:260:String) [], RemoteException
    + FullyQualifiedErrorId : NativeCommandError
 
        throw new PrismaClientInitializationError(
              ^


PrismaClientInitializationError: `PrismaClient` needs to be constructed with a non-empty, valid `PrismaClientOptions`:

```
new PrismaClient({
  ...
})
```

or

```
constructor() {
  super({ ... });
}
```
          
    at new t (D:\Harry\OneDrive\Desktop\private\universe-chose-you\node_modules\@prisma\client\src\runtime\getPrismaCli
ent.ts:260:15)
    at bcrypt (D:\Harry\OneDrive\Desktop\private\universe-chose-you\tmp\test-db.ts:4:16)
    at Object.<anonymous> (D:\Harry\OneDrive\Desktop\private\universe-chose-you\tmp\test-db.ts:32:6)
    at Module._compile (node:internal/modules/cjs/loader:1562:14)
    at Object.transformer (C:\Users\pantq\AppData\Roaming\npm\node_modules\tsx\dist\register-D46fvsV_.cjs:3:1104)
    at Module.load (node:internal/modules/cjs/loader:1313:32)
    at Function._load (node:internal/modules/cjs/loader:1123:12)
    at TracingChannel.traceSync (node:diagnostics_channel:322:14)
    at wrapModuleLoad (node:internal/modules/cjs/loader:217:24)
    at cjsLoader (node:internal/modules/esm/translators:263:5) {
  clientVersion: '7.4.1',
  errorCode: undefined,
  retryable: undefined
}

Node.js v22.13.1
